// Jest Snapshot v1, https://goo.gl/fbAQLP

exports[`BetFooter renders correctly - snapshot 1`] = `
<div>
  <div
    class="sc-gtsrHT gvNYYZ"
  >
    <span
      class="sc-dlnjwi deoBsm"
    >
      <button
        class="sc-bdnxRM hCETbq"
      >
        BET NOW
      </button>
    </span>
  </div>
</div>
`;
