// Jest Snapshot v1, https://goo.gl/fbAQLP

exports[`Header renders correctly - snapshot 1`] = `
<div
  className="sc-dlnjwi oaTBY"
>
  <div
    className="sc-jSFjdj dqnCUv"
  >
    <h1
      className="sc-eCApnc bGVqgi"
    >
      BETSLIP
    </h1>
    <img
      className="sc-hKFxyN eaodwR"
      src="oc-logo.png"
    />
  </div>
  <select
    className="sc-bdnxRM einyrw"
    id="selectList"
    name="selectList"
    onChange={[Function]}
  >
    <option
      className="sc-gtsrHT DFeHs"
      value="all"
    >
      ALL
    </option>
    <option
      className="sc-gtsrHT DFeHs"
      value="decimalOddsLessThanTwo"
    >
      Odds less than 2
    </option>
    <option
      className="sc-gtsrHT DFeHs"
      value="decimalOddsMoreThanTwo"
    >
      Odds greater than 2
    </option>
  </select>
</div>
`;
