// Jest Snapshot v1, https://goo.gl/fbAQLP

exports[`Header renders correctly - snapshot 1`] = `
<div>
  <div
    class="sc-dlnjwi oaTBY"
  >
    <div
      class="sc-jSFjdj dqnCUv"
    >
      <h1
        class="sc-eCApnc bGVqgi"
      >
        BETSLIP
      </h1>
      <img
        class="sc-hKFxyN eaodwR"
        src="oc-logo.png"
      />
    </div>
    <select
      class="sc-bdnxRM einyrw"
      data-testid="dropdown-select"
      id="selectList"
      name="selectList"
    >
      <option
        class="sc-gtsrHT DFeHs"
        value="all"
      >
        ALL
      </option>
      <option
        class="sc-gtsrHT DFeHs"
        value="decimalOddsLessThanTwo"
      >
        Odds less than 2
      </option>
      <option
        class="sc-gtsrHT DFeHs"
        value="decimalOddsMoreThanTwo"
      >
        Odds greater than 2
      </option>
    </select>
  </div>
</div>
`;
