// Jest Snapshot v1, https://goo.gl/fbAQLP

exports[`Dropdown renders correctly - snapshot 1`] = `
<div>
  <select
    class="sc-bdnxRM einyrw"
    data-testid="dropdown-select"
    id="selectList"
    name="selectList"
  >
    <option
      class="sc-gtsrHT DFeHs"
      value="all"
    >
      ALL
    </option>
    <option
      class="sc-gtsrHT DFeHs"
      value="decimalOddsLessThanTwo"
    >
      Odds less than 2
    </option>
    <option
      class="sc-gtsrHT DFeHs"
      value="decimalOddsMoreThanTwo"
    >
      Odds greater than 2
    </option>
  </select>
</div>
`;
